Requirement already satisfied: pip in ./Optimize-Orbit/optimize-orbit/backend/venv/lib/python3.11/site-packages (26.1.2)
Requirement already satisfied: wheel in ./Optimize-Orbit/optimize-orbit/backend/venv/lib/python3.11/site-packages (0.47.0)
Requirement already satisfied: packaging>=24.0 in ./Optimize-Orbit/optimize-orbit/backend/venv/lib/python3.11/site-packages (from wheel) (26.2)
Collecting https://github.com/explosion/spacy-models/releases/download/en_core_web_sm-3.7.1/en_core_web_sm-3.7.1.tar.gz (from -r /Users/banshulkumarmahajan/Documents/orbita-deployment-frontend/final_deployment/deployment/Optimize-Orbit/optimize-orbit/backend/requirements.txt (line 5))
  Downloading en_core_web_sm-3.7.1.tar.gz (12.8 MB)
     ━━━━━━━━━━━━━━━━━━━━━━━━━━━━━━━━━━━━━━━━ 12.8/12.8 MB 10.7 MB/s  0:00:01
  Installing build dependencies: started
  Installing build dependencies: finished with status 'done'
  Getting requirements to build wheel: started
  Getting requirements to build wheel: finished with status 'done'
  Preparing metadata (pyproject.toml): started
  Preparing metadata (pyproject.toml): finished with status 'done'
Requirement already satisfied: fastapi==0.110.0 in ./Optimize-Orbit/optimize-orbit/backend/venv/lib/python3.11/site-packages (from -r /Users/banshulkumarmahajan/Documents/orbita-deployment-frontend/final_deployment/deployment/Optimize-Orbit/optimize-orbit/backend/requirements.txt (line 1)) (0.110.0)
Requirement already satisfied: uvicorn==0.29.0 in ./Optimize-Orbit/optimize-orbit/backend/venv/lib/python3.11/site-packages (from uvicorn[standard]==0.29.0->-r /Users/banshulkumarmahajan/Documents/orbita-deployment-frontend/final_deployment/deployment/Optimize-Orbit/optimize-orbit/backend/requirements.txt (line 2)) (0.29.0)
Requirement already satisfied: spacy==3.7.4 in ./Optimize-Orbit/optimize-orbit/backend/venv/lib/python3.11/site-packages (from -r /Users/banshulkumarmahajan/Documents/orbita-deployment-frontend/final_deployment/deployment/Optimize-Orbit/optimize-orbit/backend/requirements.txt (line 4)) (3.7.4)
Requirement already satisfied: httpx==0.27.2 in ./Optimize-Orbit/optimize-orbit/backend/venv/lib/python3.11/site-packages (from -r /Users/banshulkumarmahajan/Documents/orbita-deployment-frontend/final_deployment/deployment/Optimize-Orbit/optimize-orbit/backend/requirements.txt (line 7)) (0.27.2)
Requirement already satisfied: httpcore==1.0.9 in ./Optimize-Orbit/optimize-orbit/backend/venv/lib/python3.11/site-packages (from -r /Users/banshulkumarmahajan/Documents/orbita-deployment-frontend/final_deployment/deployment/Optimize-Orbit/optimize-orbit/backend/requirements.txt (line 8)) (1.0.9)
Requirement already satisfied: beautifulsoup4==4.12.3 in ./Optimize-Orbit/optimize-orbit/backend/venv/lib/python3.11/site-packages (from -r /Users/banshulkumarmahajan/Documents/orbita-deployment-frontend/final_deployment/deployment/Optimize-Orbit/optimize-orbit/backend/requirements.txt (line 10)) (4.12.3)
Requirement already satisfied: lxml==5.2.2 in ./Optimize-Orbit/optimize-orbit/backend/venv/lib/python3.11/site-packages (from -r /Users/banshulkumarmahajan/Documents/orbita-deployment-frontend/final_deployment/deployment/Optimize-Orbit/optimize-orbit/backend/requirements.txt (line 11)) (5.2.2)
Requirement already satisfied: textstat==0.7.3 in ./Optimize-Orbit/optimize-orbit/backend/venv/lib/python3.11/site-packages (from -r /Users/banshulkumarmahajan/Documents/orbita-deployment-frontend/final_deployment/deployment/Optimize-Orbit/optimize-orbit/backend/requirements.txt (line 12)) (0.7.3)
Requirement already satisfied: pydantic==2.7.4 in ./Optimize-Orbit/optimize-orbit/backend/venv/lib/python3.11/site-packages (from -r /Users/banshulkumarmahajan/Documents/orbita-deployment-frontend/final_deployment/deployment/Optimize-Orbit/optimize-orbit/backend/requirements.txt (line 14)) (2.7.4)
Requirement already satisfied: python-multipart==0.0.9 in ./Optimize-Orbit/optimize-orbit/backend/venv/lib/python3.11/site-packages (from -r /Users/banshulkumarmahajan/Documents/orbita-deployment-frontend/final_deployment/deployment/Optimize-Orbit/optimize-orbit/backend/requirements.txt (line 15)) (0.0.9)
Requirement already satisfied: sqlalchemy==2.0.28 in ./Optimize-Orbit/optimize-orbit/backend/venv/lib/python3.11/site-packages (from -r /Users/banshulkumarmahajan/Documents/orbita-deployment-frontend/final_deployment/deployment/Optimize-Orbit/optimize-orbit/backend/requirements.txt (line 16)) (2.0.28)
Requirement already satisfied: psycopg2-binary==2.9.9 in ./Optimize-Orbit/optimize-orbit/backend/venv/lib/python3.11/site-packages (from -r /Users/banshulkumarmahajan/Documents/orbita-deployment-frontend/final_deployment/deployment/Optimize-Orbit/optimize-orbit/backend/requirements.txt (line 17)) (2.9.9)
Requirement already satisfied: pydantic-settings==2.2.1 in ./Optimize-Orbit/optimize-orbit/backend/venv/lib/python3.11/site-packages (from -r /Users/banshulkumarmahajan/Documents/orbita-deployment-frontend/final_deployment/deployment/Optimize-Orbit/optimize-orbit/backend/requirements.txt (line 18)) (2.2.1)
Requirement already satisfied: spacy-legacy<3.1.0,>=3.0.11 in ./Optimize-Orbit/optimize-orbit/backend/venv/lib/python3.11/site-packages (from spacy==3.7.4->-r /Users/banshulkumarmahajan/Documents/orbita-deployment-frontend/final_deployment/deployment/Optimize-Orbit/optimize-orbit/backend/requirements.txt (line 4)) (3.0.12)
Requirement already satisfied: spacy-loggers<2.0.0,>=1.0.0 in ./Optimize-Orbit/optimize-orbit/backend/venv/lib/python3.11/site-packages (from spacy==3.7.4->-r /Users/banshulkumarmahajan/Documents/orbita-deployment-frontend/final_deployment/deployment/Optimize-Orbit/optimize-orbit/backend/requirements.txt (line 4)) (1.0.5)
Requirement already satisfied: murmurhash<1.1.0,>=0.28.0 in ./Optimize-Orbit/optimize-orbit/backend/venv/lib/python3.11/site-packages (from spacy==3.7.4->-r /Users/banshulkumarmahajan/Documents/orbita-deployment-frontend/final_deployment/deployment/Optimize-Orbit/optimize-orbit/backend/requirements.txt (line 4)) (1.0.15)
Requirement already satisfied: cymem<2.1.0,>=2.0.2 in ./Optimize-Orbit/optimize-orbit/backend/venv/lib/python3.11/site-packages (from spacy==3.7.4->-r /Users/banshulkumarmahajan/Documents/orbita-deployment-frontend/final_deployment/deployment/Optimize-Orbit/optimize-orbit/backend/requirements.txt (line 4)) (2.0.13)
Requirement already satisfied: preshed<3.1.0,>=3.0.2 in ./Optimize-Orbit/optimize-orbit/backend/venv/lib/python3.11/site-packages (from spacy==3.7.4->-r /Users/banshulkumarmahajan/Documents/orbita-deployment-frontend/final_deployment/deployment/Optimize-Orbit/optimize-orbit/backend/requirements.txt (line 4)) (3.0.13)
Requirement already satisfied: thinc<8.3.0,>=8.2.2 in ./Optimize-Orbit/optimize-orbit/backend/venv/lib/python3.11/site-packages (from spacy==3.7.4->-r /Users/banshulkumarmahajan/Documents/orbita-deployment-frontend/final_deployment/deployment/Optimize-Orbit/optimize-orbit/backend/requirements.txt (line 4)) (8.2.5)
Requirement already satisfied: wasabi<1.2.0,>=0.9.1 in ./Optimize-Orbit/optimize-orbit/backend/venv/lib/python3.11/site-packages (from spacy==3.7.4->-r /Users/banshulkumarmahajan/Documents/orbita-deployment-frontend/final_deployment/deployment/Optimize-Orbit/optimize-orbit/backend/requirements.txt (line 4)) (1.1.3)
Requirement already satisfied: srsly<3.0.0,>=2.4.3 in ./Optimize-Orbit/optimize-orbit/backend/venv/lib/python3.11/site-packages (from spacy==3.7.4->-r /Users/banshulkumarmahajan/Documents/orbita-deployment-frontend/final_deployment/deployment/Optimize-Orbit/optimize-orbit/backend/requirements.txt (line 4)) (2.5.3)
Requirement already satisfied: catalogue<2.1.0,>=2.0.6 in ./Optimize-Orbit/optimize-orbit/backend/venv/lib/python3.11/site-packages (from spacy==3.7.4->-r /Users/banshulkumarmahajan/Documents/orbita-deployment-frontend/final_deployment/deployment/Optimize-Orbit/optimize-orbit/backend/requirements.txt (line 4)) (2.0.10)
Requirement already satisfied: weasel<0.4.0,>=0.1.0 in ./Optimize-Orbit/optimize-orbit/backend/venv/lib/python3.11/site-packages (from spacy==3.7.4->-r /Users/banshulkumarmahajan/Documents/orbita-deployment-frontend/final_deployment/deployment/Optimize-Orbit/optimize-orbit/backend/requirements.txt (line 4)) (0.3.4)
Requirement already satisfied: typer<0.10.0,>=0.3.0 in ./Optimize-Orbit/optimize-orbit/backend/venv/lib/python3.11/site-packages (from spacy==3.7.4->-r /Users/banshulkumarmahajan/Documents/orbita-deployment-frontend/final_deployment/deployment/Optimize-Orbit/optimize-orbit/backend/requirements.txt (line 4)) (0.9.4)
Requirement already satisfied: smart-open<7.0.0,>=5.2.1 in ./Optimize-Orbit/optimize-orbit/backend/venv/lib/python3.11/site-packages (from spacy==3.7.4->-r /Users/banshulkumarmahajan/Documents/orbita-deployment-frontend/final_deployment/deployment/Optimize-Orbit/optimize-orbit/backend/requirements.txt (line 4)) (6.4.0)
Requirement already satisfied: tqdm<5.0.0,>=4.38.0 in ./Optimize-Orbit/optimize-orbit/backend/venv/lib/python3.11/site-packages (from spacy==3.7.4->-r /Users/banshulkumarmahajan/Documents/orbita-deployment-frontend/final_deployment/deployment/Optimize-Orbit/optimize-orbit/backend/requirements.txt (line 4)) (4.67.3)
Requirement already satisfied: requests<3.0.0,>=2.13.0 in ./Optimize-Orbit/optimize-orbit/backend/venv/lib/python3.11/site-packages (from spacy==3.7.4->-r /Users/banshulkumarmahajan/Documents/orbita-deployment-frontend/final_deployment/deployment/Optimize-Orbit/optimize-orbit/backend/requirements.txt (line 4)) (2.34.0)
Requirement already satisfied: jinja2 in ./Optimize-Orbit/optimize-orbit/backend/venv/lib/python3.11/site-packages (from spacy==3.7.4->-r /Users/banshulkumarmahajan/Documents/orbita-deployment-frontend/final_deployment/deployment/Optimize-Orbit/optimize-orbit/backend/requirements.txt (line 4)) (3.1.6)
Requirement already satisfied: setuptools in ./Optimize-Orbit/optimize-orbit/backend/venv/lib/python3.11/site-packages (from spacy==3.7.4->-r /Users/banshulkumarmahajan/Documents/orbita-deployment-frontend/final_deployment/deployment/Optimize-Orbit/optimize-orbit/backend/requirements.txt (line 4)) (82.0.0)
Requirement already satisfied: packaging>=20.0 in ./Optimize-Orbit/optimize-orbit/backend/venv/lib/python3.11/site-packages (from spacy==3.7.4->-r /Users/banshulkumarmahajan/Documents/orbita-deployment-frontend/final_deployment/deployment/Optimize-Orbit/optimize-orbit/backend/requirements.txt (line 4)) (26.2)
Requirement already satisfied: langcodes<4.0.0,>=3.2.0 in ./Optimize-Orbit/optimize-orbit/backend/venv/lib/python3.11/site-packages (from spacy==3.7.4->-r /Users/banshulkumarmahajan/Documents/orbita-deployment-frontend/final_deployment/deployment/Optimize-Orbit/optimize-orbit/backend/requirements.txt (line 4)) (3.5.1)
Requirement already satisfied: numpy>=1.19.0 in ./Optimize-Orbit/optimize-orbit/backend/venv/lib/python3.11/site-packages (from spacy==3.7.4->-r /Users/banshulkumarmahajan/Documents/orbita-deployment-frontend/final_deployment/deployment/Optimize-Orbit/optimize-orbit/backend/requirements.txt (line 4)) (1.26.4)
Requirement already satisfied: annotated-types>=0.4.0 in ./Optimize-Orbit/optimize-orbit/backend/venv/lib/python3.11/site-packages (from pydantic==2.7.4->-r /Users/banshulkumarmahajan/Documents/orbita-deployment-frontend/final_deployment/deployment/Optimize-Orbit/optimize-orbit/backend/requirements.txt (line 14)) (0.7.0)
Requirement already satisfied: pydantic-core==2.18.4 in ./Optimize-Orbit/optimize-orbit/backend/venv/lib/python3.11/site-packages (from pydantic==2.7.4->-r /Users/banshulkumarmahajan/Documents/orbita-deployment-frontend/final_deployment/deployment/Optimize-Orbit/optimize-orbit/backend/requirements.txt (line 14)) (2.18.4)
Requirement already satisfied: typing-extensions>=4.6.1 in ./Optimize-Orbit/optimize-orbit/backend/venv/lib/python3.11/site-packages (from pydantic==2.7.4->-r /Users/banshulkumarmahajan/Documents/orbita-deployment-frontend/final_deployment/deployment/Optimize-Orbit/optimize-orbit/backend/requirements.txt (line 14)) (4.15.0)
Requirement already satisfied: starlette<0.37.0,>=0.36.3 in ./Optimize-Orbit/optimize-orbit/backend/venv/lib/python3.11/site-packages (from fastapi==0.110.0->-r /Users/banshulkumarmahajan/Documents/orbita-deployment-frontend/final_deployment/deployment/Optimize-Orbit/optimize-orbit/backend/requirements.txt (line 1)) (0.36.3)
Requirement already satisfied: click>=7.0 in ./Optimize-Orbit/optimize-orbit/backend/venv/lib/python3.11/site-packages (from uvicorn==0.29.0->uvicorn[standard]==0.29.0->-r /Users/banshulkumarmahajan/Documents/orbita-deployment-frontend/final_deployment/deployment/Optimize-Orbit/optimize-orbit/backend/requirements.txt (line 2)) (8.3.3)
Requirement already satisfied: h11>=0.8 in ./Optimize-Orbit/optimize-orbit/backend/venv/lib/python3.11/site-packages (from uvicorn==0.29.0->uvicorn[standard]==0.29.0->-r /Users/banshulkumarmahajan/Documents/orbita-deployment-frontend/final_deployment/deployment/Optimize-Orbit/optimize-orbit/backend/requirements.txt (line 2)) (0.16.0)
Requirement already satisfied: anyio in ./Optimize-Orbit/optimize-orbit/backend/venv/lib/python3.11/site-packages (from httpx==0.27.2->-r /Users/banshulkumarmahajan/Documents/orbita-deployment-frontend/final_deployment/deployment/Optimize-Orbit/optimize-orbit/backend/requirements.txt (line 7)) (4.13.0)
Requirement already satisfied: certifi in ./Optimize-Orbit/optimize-orbit/backend/venv/lib/python3.11/site-packages (from httpx==0.27.2->-r /Users/banshulkumarmahajan/Documents/orbita-deployment-frontend/final_deployment/deployment/Optimize-Orbit/optimize-orbit/backend/requirements.txt (line 7)) (2026.4.22)
Requirement already satisfied: idna in ./Optimize-Orbit/optimize-orbit/backend/venv/lib/python3.11/site-packages (from httpx==0.27.2->-r /Users/banshulkumarmahajan/Documents/orbita-deployment-frontend/final_deployment/deployment/Optimize-Orbit/optimize-orbit/backend/requirements.txt (line 7)) (3.15)
Requirement already satisfied: sniffio in ./Optimize-Orbit/optimize-orbit/backend/venv/lib/python3.11/site-packages (from httpx==0.27.2->-r /Users/banshulkumarmahajan/Documents/orbita-deployment-frontend/final_deployment/deployment/Optimize-Orbit/optimize-orbit/backend/requirements.txt (line 7)) (1.3.1)
Requirement already satisfied: soupsieve>1.2 in ./Optimize-Orbit/optimize-orbit/backend/venv/lib/python3.11/site-packages (from beautifulsoup4==4.12.3->-r /Users/banshulkumarmahajan/Documents/orbita-deployment-frontend/final_deployment/deployment/Optimize-Orbit/optimize-orbit/backend/requirements.txt (line 10)) (2.8.3)
Requirement already satisfied: pyphen in ./Optimize-Orbit/optimize-orbit/backend/venv/lib/python3.11/site-packages (from textstat==0.7.3->-r /Users/banshulkumarmahajan/Documents/orbita-deployment-frontend/final_deployment/deployment/Optimize-Orbit/optimize-orbit/backend/requirements.txt (line 12)) (0.17.2)
Requirement already satisfied: python-dotenv>=0.21.0 in ./Optimize-Orbit/optimize-orbit/backend/venv/lib/python3.11/site-packages (from pydantic-settings==2.2.1->-r /Users/banshulkumarmahajan/Documents/orbita-deployment-frontend/final_deployment/deployment/Optimize-Orbit/optimize-orbit/backend/requirements.txt (line 18)) (1.2.2)
Requirement already satisfied: httptools>=0.5.0 in ./Optimize-Orbit/optimize-orbit/backend/venv/lib/python3.11/site-packages (from uvicorn[standard]==0.29.0->-r /Users/banshulkumarmahajan/Documents/orbita-deployment-frontend/final_deployment/deployment/Optimize-Orbit/optimize-orbit/backend/requirements.txt (line 2)) (0.7.1)
Requirement already satisfied: pyyaml>=5.1 in ./Optimize-Orbit/optimize-orbit/backend/venv/lib/python3.11/site-packages (from uvicorn[standard]==0.29.0->-r /Users/banshulkumarmahajan/Documents/orbita-deployment-frontend/final_deployment/deployment/Optimize-Orbit/optimize-orbit/backend/requirements.txt (line 2)) (6.0.3)
Requirement already satisfied: uvloop!=0.15.0,!=0.15.1,>=0.14.0 in ./Optimize-Orbit/optimize-orbit/backend/venv/lib/python3.11/site-packages (from uvicorn[standard]==0.29.0->-r /Users/banshulkumarmahajan/Documents/orbita-deployment-frontend/final_deployment/deployment/Optimize-Orbit/optimize-orbit/backend/requirements.txt (line 2)) (0.22.1)
Requirement already satisfied: watchfiles>=0.13 in ./Optimize-Orbit/optimize-orbit/backend/venv/lib/python3.11/site-packages (from uvicorn[standard]==0.29.0->-r /Users/banshulkumarmahajan/Documents/orbita-deployment-frontend/final_deployment/deployment/Optimize-Orbit/optimize-orbit/backend/requirements.txt (line 2)) (1.1.1)
Requirement already satisfied: websockets>=10.4 in ./Optimize-Orbit/optimize-orbit/backend/venv/lib/python3.11/site-packages (from uvicorn[standard]==0.29.0->-r /Users/banshulkumarmahajan/Documents/orbita-deployment-frontend/final_deployment/deployment/Optimize-Orbit/optimize-orbit/backend/requirements.txt (line 2)) (16.0)
Requirement already satisfied: charset_normalizer<4,>=2 in ./Optimize-Orbit/optimize-orbit/backend/venv/lib/python3.11/site-packages (from requests<3.0.0,>=2.13.0->spacy==3.7.4->-r /Users/banshulkumarmahajan/Documents/orbita-deployment-frontend/final_deployment/deployment/Optimize-Orbit/optimize-orbit/backend/requirements.txt (line 4)) (3.4.7)
Requirement already satisfied: urllib3<3,>=1.26 in ./Optimize-Orbit/optimize-orbit/backend/venv/lib/python3.11/site-packages (from requests<3.0.0,>=2.13.0->spacy==3.7.4->-r /Users/banshulkumarmahajan/Documents/orbita-deployment-frontend/final_deployment/deployment/Optimize-Orbit/optimize-orbit/backend/requirements.txt (line 4)) (2.7.0)
Requirement already satisfied: blis<0.8.0,>=0.7.8 in ./Optimize-Orbit/optimize-orbit/backend/venv/lib/python3.11/site-packages (from thinc<8.3.0,>=8.2.2->spacy==3.7.4->-r /Users/banshulkumarmahajan/Documents/orbita-deployment-frontend/final_deployment/deployment/Optimize-Orbit/optimize-orbit/backend/requirements.txt (line 4)) (0.7.11)
Requirement already satisfied: confection<1.0.0,>=0.0.1 in ./Optimize-Orbit/optimize-orbit/backend/venv/lib/python3.11/site-packages (from thinc<8.3.0,>=8.2.2->spacy==3.7.4->-r /Users/banshulkumarmahajan/Documents/orbita-deployment-frontend/final_deployment/deployment/Optimize-Orbit/optimize-orbit/backend/requirements.txt (line 4)) (0.1.5)
Requirement already satisfied: cloudpathlib<0.17.0,>=0.7.0 in ./Optimize-Orbit/optimize-orbit/backend/venv/lib/python3.11/site-packages (from weasel<0.4.0,>=0.1.0->spacy==3.7.4->-r /Users/banshulkumarmahajan/Documents/orbita-deployment-frontend/final_deployment/deployment/Optimize-Orbit/optimize-orbit/backend/requirements.txt (line 4)) (0.16.0)
Requirement already satisfied: MarkupSafe>=2.0 in ./Optimize-Orbit/optimize-orbit/backend/venv/lib/python3.11/site-packages (from jinja2->spacy==3.7.4->-r /Users/banshulkumarmahajan/Documents/orbita-deployment-frontend/final_deployment/deployment/Optimize-Orbit/optimize-orbit/backend/requirements.txt (line 4)) (3.0.3)
Obtaining file:///Users/banshulkumarmahajan/Documents/orbita-deployment-frontend/final_deployment/deployment/shared
  Installing build dependencies: started
  Installing build dependencies: finished with status 'done'
  Checking if build backend supports build_editable: started
  Checking if build backend supports build_editable: finished with status 'done'
  Getting requirements to build editable: started
  Getting requirements to build editable: finished with status 'done'
  Preparing editable metadata (pyproject.toml): started
  Preparing editable metadata (pyproject.toml): finished with status 'done'
Requirement already satisfied: python-jose>=3.3.0 in ./Optimize-Orbit/optimize-orbit/backend/venv/lib/python3.11/site-packages (from python-jose[cryptography]>=3.3.0->orbita-auth==0.1.0) (3.5.0)
Requirement already satisfied: fastapi>=0.100.0 in ./Optimize-Orbit/optimize-orbit/backend/venv/lib/python3.11/site-packages (from orbita-auth==0.1.0) (0.110.0)
Requirement already satisfied: pydantic>=2.0.0 in ./Optimize-Orbit/optimize-orbit/backend/venv/lib/python3.11/site-packages (from orbita-auth==0.1.0) (2.7.4)
Requirement already satisfied: httpx>=0.24.0 in ./Optimize-Orbit/optimize-orbit/backend/venv/lib/python3.11/site-packages (from orbita-auth==0.1.0) (0.27.2)
Requirement already satisfied: starlette<0.37.0,>=0.36.3 in ./Optimize-Orbit/optimize-orbit/backend/venv/lib/python3.11/site-packages (from fastapi>=0.100.0->orbita-auth==0.1.0) (0.36.3)
Requirement already satisfied: typing-extensions>=4.8.0 in ./Optimize-Orbit/optimize-orbit/backend/venv/lib/python3.11/site-packages (from fastapi>=0.100.0->orbita-auth==0.1.0) (4.15.0)
Requirement already satisfied: annotated-types>=0.4.0 in ./Optimize-Orbit/optimize-orbit/backend/venv/lib/python3.11/site-packages (from pydantic>=2.0.0->orbita-auth==0.1.0) (0.7.0)
Requirement already satisfied: pydantic-core==2.18.4 in ./Optimize-Orbit/optimize-orbit/backend/venv/lib/python3.11/site-packages (from pydantic>=2.0.0->orbita-auth==0.1.0) (2.18.4)
Requirement already satisfied: anyio<5,>=3.4.0 in ./Optimize-Orbit/optimize-orbit/backend/venv/lib/python3.11/site-packages (from starlette<0.37.0,>=0.36.3->fastapi>=0.100.0->orbita-auth==0.1.0) (4.13.0)
Requirement already satisfied: idna>=2.8 in ./Optimize-Orbit/optimize-orbit/backend/venv/lib/python3.11/site-packages (from anyio<5,>=3.4.0->starlette<0.37.0,>=0.36.3->fastapi>=0.100.0->orbita-auth==0.1.0) (3.15)
Requirement already satisfied: certifi in ./Optimize-Orbit/optimize-orbit/backend/venv/lib/python3.11/site-packages (from httpx>=0.24.0->orbita-auth==0.1.0) (2026.4.22)
Requirement already satisfied: httpcore==1.* in ./Optimize-Orbit/optimize-orbit/backend/venv/lib/python3.11/site-packages (from httpx>=0.24.0->orbita-auth==0.1.0) (1.0.9)
Requirement already satisfied: sniffio in ./Optimize-Orbit/optimize-orbit/backend/venv/lib/python3.11/site-packages (from httpx>=0.24.0->orbita-auth==0.1.0) (1.3.1)
Requirement already satisfied: h11>=0.16 in ./Optimize-Orbit/optimize-orbit/backend/venv/lib/python3.11/site-packages (from httpcore==1.*->httpx>=0.24.0->orbita-auth==0.1.0) (0.16.0)
Requirement already satisfied: ecdsa!=0.15 in ./Optimize-Orbit/optimize-orbit/backend/venv/lib/python3.11/site-packages (from python-jose>=3.3.0->python-jose[cryptography]>=3.3.0->orbita-auth==0.1.0) (0.19.2)
Requirement already satisfied: rsa!=4.1.1,!=4.4,<5.0,>=4.0 in ./Optimize-Orbit/optimize-orbit/backend/venv/lib/python3.11/site-packages (from python-jose>=3.3.0->python-jose[cryptography]>=3.3.0->orbita-auth==0.1.0) (4.9.1)
Requirement already satisfied: pyasn1>=0.5.0 in ./Optimize-Orbit/optimize-orbit/backend/venv/lib/python3.11/site-packages (from python-jose>=3.3.0->python-jose[cryptography]>=3.3.0->orbita-auth==0.1.0) (0.6.3)
Requirement already satisfied: six>=1.9.0 in ./Optimize-Orbit/optimize-orbit/backend/venv/lib/python3.11/site-packages (from ecdsa!=0.15->python-jose>=3.3.0->python-jose[cryptography]>=3.3.0->orbita-auth==0.1.0) (1.17.0)
Requirement already satisfied: cryptography>=3.4.0 in ./Optimize-Orbit/optimize-orbit/backend/venv/lib/python3.11/site-packages (from python-jose[cryptography]>=3.3.0->orbita-auth==0.1.0) (48.0.0)
Requirement already satisfied: cffi>=2.0.0 in ./Optimize-Orbit/optimize-orbit/backend/venv/lib/python3.11/site-packages (from cryptography>=3.4.0->python-jose[cryptography]>=3.3.0->orbita-auth==0.1.0) (2.0.0)
Requirement already satisfied: pycparser in ./Optimize-Orbit/optimize-orbit/backend/venv/lib/python3.11/site-packages (from cffi>=2.0.0->cryptography>=3.4.0->python-jose[cryptography]>=3.3.0->orbita-auth==0.1.0) (3.0)
Building wheels for collected packages: orbita-auth
  Building editable for orbita-auth (pyproject.toml): started
  Building editable for orbita-auth (pyproject.toml): finished with status 'done'
  Created wheel for orbita-auth: filename=orbita_auth-0.1.0-0.editable-py3-none-any.whl size=2879 sha256=02e4e7f9971ebc6ed02944f93811c49a2b5f3093942fb67757cda18edc7a5f12
  Stored in directory: /private/var/folders/wp/mv7n5zks5jn1xcjfnl0lpgrw0000gp/T/pip-ephem-wheel-cache-iyqak04l/wheels/8e/dc/f3/5625fb99e378f199b690c597dcda0cfdc36a7e867032428a28
Successfully built orbita-auth
Installing collected packages: orbita-auth
  Attempting uninstall: orbita-auth
    Found existing installation: orbita-auth 0.1.0
    Uninstalling orbita-auth-0.1.0:
      Successfully uninstalled orbita-auth-0.1.0
Successfully installed orbita-auth-0.1.0
