Requirement already satisfied: pip in ./auth-service/backend/venv/lib/python3.11/site-packages (26.1.2)
Requirement already satisfied: wheel in ./auth-service/backend/venv/lib/python3.11/site-packages (0.47.0)
Requirement already satisfied: packaging>=24.0 in ./auth-service/backend/venv/lib/python3.11/site-packages (from wheel) (26.2)
Requirement already satisfied: fastapi>=0.100.0 in ./auth-service/backend/venv/lib/python3.11/site-packages (from -r /Users/banshulkumarmahajan/Documents/orbita-deployment-frontend/final_deployment/deployment/auth-service/backend/requirements.txt (line 1)) (0.136.1)
Requirement already satisfied: uvicorn>=0.22.0 in ./auth-service/backend/venv/lib/python3.11/site-packages (from uvicorn[standard]>=0.22.0->-r /Users/banshulkumarmahajan/Documents/orbita-deployment-frontend/final_deployment/deployment/auth-service/backend/requirements.txt (line 2)) (0.46.0)
Requirement already satisfied: sqlalchemy>=2.0.0 in ./auth-service/backend/venv/lib/python3.11/site-packages (from -r /Users/banshulkumarmahajan/Documents/orbita-deployment-frontend/final_deployment/deployment/auth-service/backend/requirements.txt (line 3)) (2.0.49)
Requirement already satisfied: psycopg2-binary>=2.9.0 in ./auth-service/backend/venv/lib/python3.11/site-packages (from -r /Users/banshulkumarmahajan/Documents/orbita-deployment-frontend/final_deployment/deployment/auth-service/backend/requirements.txt (line 4)) (2.9.12)
Requirement already satisfied: python-jose>=3.3.0 in ./auth-service/backend/venv/lib/python3.11/site-packages (from python-jose[cryptography]>=3.3.0->-r /Users/banshulkumarmahajan/Documents/orbita-deployment-frontend/final_deployment/deployment/auth-service/backend/requirements.txt (line 5)) (3.5.0)
Requirement already satisfied: passlib>=1.7.4 in ./auth-service/backend/venv/lib/python3.11/site-packages (from passlib[bcrypt]>=1.7.4->-r /Users/banshulkumarmahajan/Documents/orbita-deployment-frontend/final_deployment/deployment/auth-service/backend/requirements.txt (line 6)) (1.7.4)
Requirement already satisfied: bcrypt==3.2.2 in ./auth-service/backend/venv/lib/python3.11/site-packages (from -r /Users/banshulkumarmahajan/Documents/orbita-deployment-frontend/final_deployment/deployment/auth-service/backend/requirements.txt (line 7)) (3.2.2)
Requirement already satisfied: pydantic>=2.0.0 in ./auth-service/backend/venv/lib/python3.11/site-packages (from pydantic[email]>=2.0.0->-r /Users/banshulkumarmahajan/Documents/orbita-deployment-frontend/final_deployment/deployment/auth-service/backend/requirements.txt (line 8)) (2.13.4)
Requirement already satisfied: pydantic-settings>=2.0.0 in ./auth-service/backend/venv/lib/python3.11/site-packages (from -r /Users/banshulkumarmahajan/Documents/orbita-deployment-frontend/final_deployment/deployment/auth-service/backend/requirements.txt (line 9)) (2.14.1)
Requirement already satisfied: python-dotenv>=1.0.0 in ./auth-service/backend/venv/lib/python3.11/site-packages (from -r /Users/banshulkumarmahajan/Documents/orbita-deployment-frontend/final_deployment/deployment/auth-service/backend/requirements.txt (line 10)) (1.2.2)
Requirement already satisfied: cffi>=1.1 in ./auth-service/backend/venv/lib/python3.11/site-packages (from bcrypt==3.2.2->-r /Users/banshulkumarmahajan/Documents/orbita-deployment-frontend/final_deployment/deployment/auth-service/backend/requirements.txt (line 7)) (2.0.0)
Requirement already satisfied: starlette>=0.46.0 in ./auth-service/backend/venv/lib/python3.11/site-packages (from fastapi>=0.100.0->-r /Users/banshulkumarmahajan/Documents/orbita-deployment-frontend/final_deployment/deployment/auth-service/backend/requirements.txt (line 1)) (1.0.0)
Requirement already satisfied: typing-extensions>=4.8.0 in ./auth-service/backend/venv/lib/python3.11/site-packages (from fastapi>=0.100.0->-r /Users/banshulkumarmahajan/Documents/orbita-deployment-frontend/final_deployment/deployment/auth-service/backend/requirements.txt (line 1)) (4.15.0)
Requirement already satisfied: typing-inspection>=0.4.2 in ./auth-service/backend/venv/lib/python3.11/site-packages (from fastapi>=0.100.0->-r /Users/banshulkumarmahajan/Documents/orbita-deployment-frontend/final_deployment/deployment/auth-service/backend/requirements.txt (line 1)) (0.4.2)
Requirement already satisfied: annotated-doc>=0.0.2 in ./auth-service/backend/venv/lib/python3.11/site-packages (from fastapi>=0.100.0->-r /Users/banshulkumarmahajan/Documents/orbita-deployment-frontend/final_deployment/deployment/auth-service/backend/requirements.txt (line 1)) (0.0.4)
Requirement already satisfied: click>=7.0 in ./auth-service/backend/venv/lib/python3.11/site-packages (from uvicorn>=0.22.0->uvicorn[standard]>=0.22.0->-r /Users/banshulkumarmahajan/Documents/orbita-deployment-frontend/final_deployment/deployment/auth-service/backend/requirements.txt (line 2)) (8.3.3)
Requirement already satisfied: h11>=0.8 in ./auth-service/backend/venv/lib/python3.11/site-packages (from uvicorn>=0.22.0->uvicorn[standard]>=0.22.0->-r /Users/banshulkumarmahajan/Documents/orbita-deployment-frontend/final_deployment/deployment/auth-service/backend/requirements.txt (line 2)) (0.16.0)
Requirement already satisfied: ecdsa!=0.15 in ./auth-service/backend/venv/lib/python3.11/site-packages (from python-jose>=3.3.0->python-jose[cryptography]>=3.3.0->-r /Users/banshulkumarmahajan/Documents/orbita-deployment-frontend/final_deployment/deployment/auth-service/backend/requirements.txt (line 5)) (0.19.2)
Requirement already satisfied: rsa!=4.1.1,!=4.4,<5.0,>=4.0 in ./auth-service/backend/venv/lib/python3.11/site-packages (from python-jose>=3.3.0->python-jose[cryptography]>=3.3.0->-r /Users/banshulkumarmahajan/Documents/orbita-deployment-frontend/final_deployment/deployment/auth-service/backend/requirements.txt (line 5)) (4.9.1)
Requirement already satisfied: pyasn1>=0.5.0 in ./auth-service/backend/venv/lib/python3.11/site-packages (from python-jose>=3.3.0->python-jose[cryptography]>=3.3.0->-r /Users/banshulkumarmahajan/Documents/orbita-deployment-frontend/final_deployment/deployment/auth-service/backend/requirements.txt (line 5)) (0.6.3)
Requirement already satisfied: annotated-types>=0.6.0 in ./auth-service/backend/venv/lib/python3.11/site-packages (from pydantic>=2.0.0->pydantic[email]>=2.0.0->-r /Users/banshulkumarmahajan/Documents/orbita-deployment-frontend/final_deployment/deployment/auth-service/backend/requirements.txt (line 8)) (0.7.0)
Requirement already satisfied: pydantic-core==2.46.4 in ./auth-service/backend/venv/lib/python3.11/site-packages (from pydantic>=2.0.0->pydantic[email]>=2.0.0->-r /Users/banshulkumarmahajan/Documents/orbita-deployment-frontend/final_deployment/deployment/auth-service/backend/requirements.txt (line 8)) (2.46.4)
Requirement already satisfied: pycparser in ./auth-service/backend/venv/lib/python3.11/site-packages (from cffi>=1.1->bcrypt==3.2.2->-r /Users/banshulkumarmahajan/Documents/orbita-deployment-frontend/final_deployment/deployment/auth-service/backend/requirements.txt (line 7)) (3.0)
Requirement already satisfied: six>=1.9.0 in ./auth-service/backend/venv/lib/python3.11/site-packages (from ecdsa!=0.15->python-jose>=3.3.0->python-jose[cryptography]>=3.3.0->-r /Users/banshulkumarmahajan/Documents/orbita-deployment-frontend/final_deployment/deployment/auth-service/backend/requirements.txt (line 5)) (1.17.0)
Requirement already satisfied: email-validator>=2.0.0 in ./auth-service/backend/venv/lib/python3.11/site-packages (from pydantic[email]>=2.0.0->-r /Users/banshulkumarmahajan/Documents/orbita-deployment-frontend/final_deployment/deployment/auth-service/backend/requirements.txt (line 8)) (2.3.0)
Requirement already satisfied: dnspython>=2.0.0 in ./auth-service/backend/venv/lib/python3.11/site-packages (from email-validator>=2.0.0->pydantic[email]>=2.0.0->-r /Users/banshulkumarmahajan/Documents/orbita-deployment-frontend/final_deployment/deployment/auth-service/backend/requirements.txt (line 8)) (2.8.0)
Requirement already satisfied: idna>=2.0.0 in ./auth-service/backend/venv/lib/python3.11/site-packages (from email-validator>=2.0.0->pydantic[email]>=2.0.0->-r /Users/banshulkumarmahajan/Documents/orbita-deployment-frontend/final_deployment/deployment/auth-service/backend/requirements.txt (line 8)) (3.15)
Requirement already satisfied: cryptography>=3.4.0 in ./auth-service/backend/venv/lib/python3.11/site-packages (from python-jose[cryptography]>=3.3.0->-r /Users/banshulkumarmahajan/Documents/orbita-deployment-frontend/final_deployment/deployment/auth-service/backend/requirements.txt (line 5)) (48.0.0)
Requirement already satisfied: anyio<5,>=3.6.2 in ./auth-service/backend/venv/lib/python3.11/site-packages (from starlette>=0.46.0->fastapi>=0.100.0->-r /Users/banshulkumarmahajan/Documents/orbita-deployment-frontend/final_deployment/deployment/auth-service/backend/requirements.txt (line 1)) (4.13.0)
Requirement already satisfied: httptools>=0.6.3 in ./auth-service/backend/venv/lib/python3.11/site-packages (from uvicorn[standard]>=0.22.0->-r /Users/banshulkumarmahajan/Documents/orbita-deployment-frontend/final_deployment/deployment/auth-service/backend/requirements.txt (line 2)) (0.7.1)
Requirement already satisfied: pyyaml>=5.1 in ./auth-service/backend/venv/lib/python3.11/site-packages (from uvicorn[standard]>=0.22.0->-r /Users/banshulkumarmahajan/Documents/orbita-deployment-frontend/final_deployment/deployment/auth-service/backend/requirements.txt (line 2)) (6.0.3)
Requirement already satisfied: uvloop>=0.15.1 in ./auth-service/backend/venv/lib/python3.11/site-packages (from uvicorn[standard]>=0.22.0->-r /Users/banshulkumarmahajan/Documents/orbita-deployment-frontend/final_deployment/deployment/auth-service/backend/requirements.txt (line 2)) (0.22.1)
Requirement already satisfied: watchfiles>=0.20 in ./auth-service/backend/venv/lib/python3.11/site-packages (from uvicorn[standard]>=0.22.0->-r /Users/banshulkumarmahajan/Documents/orbita-deployment-frontend/final_deployment/deployment/auth-service/backend/requirements.txt (line 2)) (1.1.1)
Requirement already satisfied: websockets>=10.4 in ./auth-service/backend/venv/lib/python3.11/site-packages (from uvicorn[standard]>=0.22.0->-r /Users/banshulkumarmahajan/Documents/orbita-deployment-frontend/final_deployment/deployment/auth-service/backend/requirements.txt (line 2)) (16.0)
Obtaining file:///Users/banshulkumarmahajan/Documents/orbita-deployment-frontend/final_deployment/deployment/shared
  Installing build dependencies: started
  Installing build dependencies: finished with status 'done'
  Checking if build backend supports build_editable: started
  Checking if build backend supports build_editable: finished with status 'done'
  Getting requirements to build editable: started
  Getting requirements to build editable: finished with status 'done'
  Preparing editable metadata (pyproject.toml): started
  Preparing editable metadata (pyproject.toml): finished with status 'done'
Requirement already satisfied: python-jose>=3.3.0 in ./auth-service/backend/venv/lib/python3.11/site-packages (from python-jose[cryptography]>=3.3.0->orbita-auth==0.1.0) (3.5.0)
Requirement already satisfied: fastapi>=0.100.0 in ./auth-service/backend/venv/lib/python3.11/site-packages (from orbita-auth==0.1.0) (0.136.1)
Requirement already satisfied: pydantic>=2.0.0 in ./auth-service/backend/venv/lib/python3.11/site-packages (from orbita-auth==0.1.0) (2.13.4)
Requirement already satisfied: httpx>=0.24.0 in ./auth-service/backend/venv/lib/python3.11/site-packages (from orbita-auth==0.1.0) (0.28.1)
Requirement already satisfied: starlette>=0.46.0 in ./auth-service/backend/venv/lib/python3.11/site-packages (from fastapi>=0.100.0->orbita-auth==0.1.0) (1.0.0)
Requirement already satisfied: typing-extensions>=4.8.0 in ./auth-service/backend/venv/lib/python3.11/site-packages (from fastapi>=0.100.0->orbita-auth==0.1.0) (4.15.0)
Requirement already satisfied: typing-inspection>=0.4.2 in ./auth-service/backend/venv/lib/python3.11/site-packages (from fastapi>=0.100.0->orbita-auth==0.1.0) (0.4.2)
Requirement already satisfied: annotated-doc>=0.0.2 in ./auth-service/backend/venv/lib/python3.11/site-packages (from fastapi>=0.100.0->orbita-auth==0.1.0) (0.0.4)
Requirement already satisfied: anyio in ./auth-service/backend/venv/lib/python3.11/site-packages (from httpx>=0.24.0->orbita-auth==0.1.0) (4.13.0)
Requirement already satisfied: certifi in ./auth-service/backend/venv/lib/python3.11/site-packages (from httpx>=0.24.0->orbita-auth==0.1.0) (2026.4.22)
Requirement already satisfied: httpcore==1.* in ./auth-service/backend/venv/lib/python3.11/site-packages (from httpx>=0.24.0->orbita-auth==0.1.0) (1.0.9)
Requirement already satisfied: idna in ./auth-service/backend/venv/lib/python3.11/site-packages (from httpx>=0.24.0->orbita-auth==0.1.0) (3.15)
Requirement already satisfied: h11>=0.16 in ./auth-service/backend/venv/lib/python3.11/site-packages (from httpcore==1.*->httpx>=0.24.0->orbita-auth==0.1.0) (0.16.0)
Requirement already satisfied: annotated-types>=0.6.0 in ./auth-service/backend/venv/lib/python3.11/site-packages (from pydantic>=2.0.0->orbita-auth==0.1.0) (0.7.0)
Requirement already satisfied: pydantic-core==2.46.4 in ./auth-service/backend/venv/lib/python3.11/site-packages (from pydantic>=2.0.0->orbita-auth==0.1.0) (2.46.4)
Requirement already satisfied: ecdsa!=0.15 in ./auth-service/backend/venv/lib/python3.11/site-packages (from python-jose>=3.3.0->python-jose[cryptography]>=3.3.0->orbita-auth==0.1.0) (0.19.2)
Requirement already satisfied: rsa!=4.1.1,!=4.4,<5.0,>=4.0 in ./auth-service/backend/venv/lib/python3.11/site-packages (from python-jose>=3.3.0->python-jose[cryptography]>=3.3.0->orbita-auth==0.1.0) (4.9.1)
Requirement already satisfied: pyasn1>=0.5.0 in ./auth-service/backend/venv/lib/python3.11/site-packages (from python-jose>=3.3.0->python-jose[cryptography]>=3.3.0->orbita-auth==0.1.0) (0.6.3)
Requirement already satisfied: six>=1.9.0 in ./auth-service/backend/venv/lib/python3.11/site-packages (from ecdsa!=0.15->python-jose>=3.3.0->python-jose[cryptography]>=3.3.0->orbita-auth==0.1.0) (1.17.0)
Requirement already satisfied: cryptography>=3.4.0 in ./auth-service/backend/venv/lib/python3.11/site-packages (from python-jose[cryptography]>=3.3.0->orbita-auth==0.1.0) (48.0.0)
Requirement already satisfied: cffi>=2.0.0 in ./auth-service/backend/venv/lib/python3.11/site-packages (from cryptography>=3.4.0->python-jose[cryptography]>=3.3.0->orbita-auth==0.1.0) (2.0.0)
Requirement already satisfied: pycparser in ./auth-service/backend/venv/lib/python3.11/site-packages (from cffi>=2.0.0->cryptography>=3.4.0->python-jose[cryptography]>=3.3.0->orbita-auth==0.1.0) (3.0)
Building wheels for collected packages: orbita-auth
  Building editable for orbita-auth (pyproject.toml): started
  Building editable for orbita-auth (pyproject.toml): finished with status 'done'
  Created wheel for orbita-auth: filename=orbita_auth-0.1.0-0.editable-py3-none-any.whl size=2879 sha256=7e1c1311f3330e2ce822a5937f831b8016f7015c838ba14e0a435e55c0dae92f
  Stored in directory: /private/var/folders/wp/mv7n5zks5jn1xcjfnl0lpgrw0000gp/T/pip-ephem-wheel-cache-hp6gox_z/wheels/8e/dc/f3/5625fb99e378f199b690c597dcda0cfdc36a7e867032428a28
Successfully built orbita-auth
Installing collected packages: orbita-auth
  Attempting uninstall: orbita-auth
    Found existing installation: orbita-auth 0.1.0
    Uninstalling orbita-auth-0.1.0:
      Successfully uninstalled orbita-auth-0.1.0
Successfully installed orbita-auth-0.1.0
